// Jest Snapshot v1, https://goo.gl/fbAQLP

exports[`Test on <LoginScreen /> should display correctly 1`] = `
<div
  className="container login-container"
>
  <div
    className="row"
  >
    <div
      className="col-md-6 login-form-1"
    >
      <h3>
        Login
      </h3>
      <form
        onSubmit={[Function]}
      >
        <div
          className="form-group"
        >
          <input
            className="form-control"
            name="loginEmail"
            onChange={[Function]}
            placeholder="Email"
            type="text"
            value="lola@correo.com"
          />
        </div>
        <div
          className="form-group"
        >
          <input
            className="form-control"
            name="loginPassword"
            onChange={[Function]}
            placeholder="Password"
            type="password"
            value="123456"
          />
        </div>
        <div
          className="form-group"
        >
          <input
            className="btnSubmit"
            type="submit"
            value="Login"
          />
        </div>
      </form>
    </div>
    <div
      className="col-md-6 login-form-2"
    >
      <h3>
        Registro
      </h3>
      <form
        onSubmit={[Function]}
      >
        <div
          className="form-group"
        >
          <input
            className="form-control"
            name="name"
            onChange={[Function]}
            placeholder="Name"
            type="text"
            value=""
          />
        </div>
        <div
          className="form-group"
        >
          <input
            className="form-control"
            name="email"
            onChange={[Function]}
            placeholder="Email"
            type="email"
            value=""
          />
        </div>
        <div
          className="form-group"
        >
          <input
            className="form-control"
            name="password"
            onChange={[Function]}
            placeholder="Password"
            type="password"
            value=""
          />
        </div>
        <div
          className="form-group"
        >
          <input
            className="form-control"
            name="confirm"
            onChange={[Function]}
            placeholder="Confirm password"
            type="password"
            value=""
          />
        </div>
        <div
          className="form-group"
        >
          <input
            className="btnSubmit"
            type="submit"
            value="Register"
          />
        </div>
      </form>
    </div>
  </div>
</div>
`;
